
[verilator] Generating C++ files...
Fri, 10 Mar 2023 15:17:34 +0800
0.77user 0.02system 0:00.80elapsed 99%CPU (0avgtext+0avgdata 87464maxresident)k
0inputs+13032outputs (0major+22409minor)pagefaults 0swaps

[g++] Compiling C++ files...
Fri, 10 Mar 2023 15:17:35 +0800
0.80user 0.27system 0:01.30elapsed 82%CPU (0avgtext+0avgdata 105140maxresident)k
9952inputs+14216outputs (0major+52286minor)pagefaults 0swaps

[verilator] Generating C++ files...
Fri, 10 Mar 2023 15:19:20 +0800
0.74user 0.06system 0:00.81elapsed 99%CPU (0avgtext+0avgdata 87472maxresident)k
0inputs+13040outputs (0major+22421minor)pagefaults 0swaps

[g++] Compiling C++ files...
Fri, 10 Mar 2023 15:19:21 +0800
0.66user 0.19system 0:00.90elapsed 95%CPU (0avgtext+0avgdata 105144maxresident)k
64inputs+13120outputs (0major+45712minor)pagefaults 0swaps

[verilator] Generating C++ files...
Fri, 10 Mar 2023 15:20:27 +0800
0.75user 0.06system 0:00.81elapsed 99%CPU (0avgtext+0avgdata 87340maxresident)k
0inputs+13040outputs (0major+22409minor)pagefaults 0swaps

[g++] Compiling C++ files...
Fri, 10 Mar 2023 15:20:28 +0800
0.68user 0.18system 0:00.90elapsed 95%CPU (0avgtext+0avgdata 105028maxresident)k
40inputs+13120outputs (0major+45740minor)pagefaults 0swaps

[verilator] Generating C++ files...
Fri, 10 Mar 2023 15:22:01 +0800
0.74user 0.06system 0:00.80elapsed 100%CPU (0avgtext+0avgdata 87468maxresident)k
0inputs+13048outputs (0major+22423minor)pagefaults 0swaps

[g++] Compiling C++ files...
Fri, 10 Mar 2023 15:22:02 +0800
0.72user 0.23system 0:00.97elapsed 99%CPU (0avgtext+0avgdata 105144maxresident)k
0inputs+13128outputs (0major+50386minor)pagefaults 0swaps

[verilator] Generating C++ files...
Fri, 10 Mar 2023 15:25:45 +0800
0.73user 0.07system 0:00.81elapsed 100%CPU (0avgtext+0avgdata 87372maxresident)k
0inputs+13048outputs (0major+22428minor)pagefaults 0swaps

[g++] Compiling C++ files...
Fri, 10 Mar 2023 15:25:46 +0800
69.28user 1.98system 1:11.32elapsed 99%CPU (0avgtext+0avgdata 1851812maxresident)k
24inputs+22184outputs (0major+945405minor)pagefaults 0swaps

[verilator] Generating C++ files...
Fri, 10 Mar 2023 15:30:48 +0800
Command exited with non-zero status 1
0.05user 0.00system 0:00.06elapsed 98%CPU (0avgtext+0avgdata 16696maxresident)k
0inputs+0outputs (0major+4956minor)pagefaults 0swaps

[verilator] Generating C++ files...
Fri, 10 Mar 2023 15:31:22 +0800
0.74user 0.08system 0:00.83elapsed 99%CPU (0avgtext+0avgdata 88492maxresident)k
0inputs+13056outputs (0major+22667minor)pagefaults 0swaps

[g++] Compiling C++ files...
Fri, 10 Mar 2023 15:31:23 +0800
69.34user 1.95system 1:11.39elapsed 99%CPU (0avgtext+0avgdata 1851792maxresident)k
56inputs+22280outputs (0major+945373minor)pagefaults 0swaps

[verilator] Generating C++ files...
Fri, 10 Mar 2023 15:39:26 +0800
0.76user 0.06system 0:00.83elapsed 99%CPU (0avgtext+0avgdata 88424maxresident)k
0inputs+13064outputs (0major+22673minor)pagefaults 0swaps

[g++] Compiling C++ files...
Fri, 10 Mar 2023 15:39:27 +0800
69.76user 2.04system 1:11.88elapsed 99%CPU (0avgtext+0avgdata 1851908maxresident)k
48inputs+22224outputs (0major+944580minor)pagefaults 0swaps

[verilator] Generating C++ files...
Fri, 10 Mar 2023 16:07:42 +0800
0.76user 0.13system 0:00.89elapsed 99%CPU (0avgtext+0avgdata 87672maxresident)k
0inputs+13072outputs (0major+22473minor)pagefaults 0swaps

[g++] Compiling C++ files...
Fri, 10 Mar 2023 16:07:43 +0800
69.11user 2.60system 1:11.80elapsed 99%CPU (0avgtext+0avgdata 1851736maxresident)k
280inputs+22224outputs (0major+944977minor)pagefaults 0swaps

[verilator] Generating C++ files...
Fri, 10 Mar 2023 16:14:13 +0800
Command exited with non-zero status 1
0.07user 0.02system 0:00.10elapsed 98%CPU (0avgtext+0avgdata 27936maxresident)k
0inputs+0outputs (0major+7701minor)pagefaults 0swaps

[verilator] Generating C++ files...
Fri, 10 Mar 2023 16:14:28 +0800
0.76user 0.05system 0:00.81elapsed 99%CPU (0avgtext+0avgdata 88424maxresident)k
0inputs+13072outputs (0major+22663minor)pagefaults 0swaps

[g++] Compiling C++ files...
Fri, 10 Mar 2023 16:14:29 +0800
68.20user 2.15system 1:10.48elapsed 99%CPU (0avgtext+0avgdata 1851980maxresident)k
8inputs+22256outputs (0major+944926minor)pagefaults 0swaps

[verilator] Generating C++ files...
Fri, 10 Mar 2023 16:21:53 +0800
0.74user 0.09system 0:00.83elapsed 99%CPU (0avgtext+0avgdata 88364maxresident)k
0inputs+13080outputs (0major+22679minor)pagefaults 0swaps

[g++] Compiling C++ files...
Fri, 10 Mar 2023 16:21:54 +0800
69.07user 2.08system 1:11.29elapsed 99%CPU (0avgtext+0avgdata 1852028maxresident)k
24inputs+22240outputs (0major+946014minor)pagefaults 0swaps

[verilator] Generating C++ files...
Fri, 10 Mar 2023 16:27:45 +0800
0.77user 0.07system 0:00.85elapsed 99%CPU (0avgtext+0avgdata 88356maxresident)k
0inputs+13112outputs (0major+22675minor)pagefaults 0swaps

[g++] Compiling C++ files...
Fri, 10 Mar 2023 16:27:45 +0800
64.88user 1.67system 1:06.58elapsed 99%CPU (0avgtext+0avgdata 1848776maxresident)k
88inputs+19824outputs (0major+721986minor)pagefaults 0swaps

[verilator] Generating C++ files...
Fri, 10 Mar 2023 16:50:12 +0800
0.76user 0.07system 0:00.83elapsed 99%CPU (0avgtext+0avgdata 88476maxresident)k
0inputs+13136outputs (0major+22674minor)pagefaults 0swaps

[g++] Compiling C++ files...
Fri, 10 Mar 2023 16:50:13 +0800
68.55user 1.89system 1:10.62elapsed 99%CPU (0avgtext+0avgdata 1849380maxresident)k
304inputs+22336outputs (0major+946150minor)pagefaults 0swaps

[verilator] Generating C++ files...
Fri, 10 Mar 2023 16:53:12 +0800
0.73user 0.09system 0:00.82elapsed 99%CPU (0avgtext+0avgdata 88448maxresident)k
0inputs+13136outputs (0major+22668minor)pagefaults 0swaps

[g++] Compiling C++ files...
Fri, 10 Mar 2023 16:53:13 +0800
0.70user 0.16system 0:00.87elapsed 98%CPU (0avgtext+0avgdata 105180maxresident)k
72inputs+13208outputs (0major+45702minor)pagefaults 0swaps

[verilator] Generating C++ files...
Fri, 10 Mar 2023 17:07:58 +0800
0.76user 0.07system 0:00.83elapsed 99%CPU (0avgtext+0avgdata 88360maxresident)k
0inputs+13128outputs (0major+22668minor)pagefaults 0swaps

[g++] Compiling C++ files...
Fri, 10 Mar 2023 17:07:59 +0800
68.40user 1.93system 1:10.42elapsed 99%CPU (0avgtext+0avgdata 1849420maxresident)k
24inputs+22360outputs (0major+944679minor)pagefaults 0swaps

[verilator] Generating C++ files...
Fri, 10 Mar 2023 17:09:26 +0800
0.71user 0.08system 0:00.79elapsed 99%CPU (0avgtext+0avgdata 88444maxresident)k
0inputs+13128outputs (0major+22676minor)pagefaults 0swaps

[g++] Compiling C++ files...
Fri, 10 Mar 2023 17:09:27 +0800
0.67user 0.17system 0:00.84elapsed 99%CPU (0avgtext+0avgdata 105228maxresident)k
0inputs+13208outputs (0major+45760minor)pagefaults 0swaps

[verilator] Generating C++ files...
Fri, 10 Mar 2023 17:12:13 +0800
0.76user 0.07system 0:00.87elapsed 95%CPU (0avgtext+0avgdata 90532maxresident)k
2072inputs+13128outputs (18major+23173minor)pagefaults 0swaps

[g++] Compiling C++ files...
Fri, 10 Mar 2023 17:12:14 +0800
0.72user 0.16system 0:00.98elapsed 90%CPU (0avgtext+0avgdata 105116maxresident)k
4240inputs+13208outputs (36major+45701minor)pagefaults 0swaps

[verilator] Generating C++ files...
Fri, 10 Mar 2023 17:13:13 +0800
0.76user 0.06system 0:00.82elapsed 100%CPU (0avgtext+0avgdata 88488maxresident)k
0inputs+13128outputs (0major+22683minor)pagefaults 0swaps

[g++] Compiling C++ files...
Fri, 10 Mar 2023 17:13:14 +0800
0.66user 0.21system 0:00.92elapsed 95%CPU (0avgtext+0avgdata 105136maxresident)k
112inputs+13208outputs (0major+45752minor)pagefaults 0swaps

[verilator] Generating C++ files...
Fri, 10 Mar 2023 17:16:44 +0800
0.76user 0.07system 0:00.84elapsed 99%CPU (0avgtext+0avgdata 88288maxresident)k
0inputs+13128outputs (0major+22662minor)pagefaults 0swaps

[g++] Compiling C++ files...
Fri, 10 Mar 2023 17:16:45 +0800
0.68user 0.18system 0:00.88elapsed 98%CPU (0avgtext+0avgdata 105152maxresident)k
112inputs+13208outputs (0major+45736minor)pagefaults 0swaps

[verilator] Generating C++ files...
Fri, 10 Mar 2023 17:21:49 +0800
0.76user 0.07system 0:00.84elapsed 99%CPU (0avgtext+0avgdata 88524maxresident)k
0inputs+13168outputs (0major+22692minor)pagefaults 0swaps

[g++] Compiling C++ files...
Fri, 10 Mar 2023 17:21:50 +0800
68.62user 1.95system 1:10.81elapsed 99%CPU (0avgtext+0avgdata 1850152maxresident)k
112inputs+22424outputs (0major+947816minor)pagefaults 0swaps

[verilator] Generating C++ files...
Fri, 10 Mar 2023 17:33:23 +0800
Command exited with non-zero status 1
0.04user 0.02system 0:00.06elapsed 98%CPU (0avgtext+0avgdata 16984maxresident)k
0inputs+0outputs (0major+5072minor)pagefaults 0swaps

[verilator] Generating C++ files...
Fri, 10 Mar 2023 17:33:55 +0800
0.75user 0.08system 0:00.84elapsed 99%CPU (0avgtext+0avgdata 88484maxresident)k
0inputs+13272outputs (0major+22690minor)pagefaults 0swaps

[g++] Compiling C++ files...
Fri, 10 Mar 2023 17:33:56 +0800
68.36user 1.95system 1:10.41elapsed 99%CPU (0avgtext+0avgdata 1844404maxresident)k
24inputs+22408outputs (0major+946400minor)pagefaults 0swaps

[verilator] Generating C++ files...
Fri, 10 Mar 2023 17:36:24 +0800
0.77user 0.06system 0:00.83elapsed 99%CPU (0avgtext+0avgdata 88384maxresident)k
0inputs+13264outputs (0major+22678minor)pagefaults 0swaps

[g++] Compiling C++ files...
Fri, 10 Mar 2023 17:36:25 +0800
Command terminated by signal 2
1.04user 0.18system 0:29.29elapsed 4%CPU (0avgtext+0avgdata 105736maxresident)k
16inputs+272outputs (0major+59661minor)pagefaults 0swaps

[verilator] Generating C++ files...
Fri, 10 Mar 2023 17:38:24 +0800
Command exited with non-zero status 1
0.05user 0.00system 0:00.06elapsed 100%CPU (0avgtext+0avgdata 16988maxresident)k
0inputs+0outputs (0major+5075minor)pagefaults 0swaps

[verilator] Generating C++ files...
Fri, 10 Mar 2023 17:39:36 +0800
Command exited with non-zero status 1
0.05user 0.01system 0:00.06elapsed 98%CPU (0avgtext+0avgdata 16868maxresident)k
0inputs+0outputs (0major+5055minor)pagefaults 0swaps

[verilator] Generating C++ files...
Fri, 10 Mar 2023 17:40:45 +0800
0.76user 0.08system 0:00.85elapsed 99%CPU (0avgtext+0avgdata 88396maxresident)k
0inputs+13264outputs (0major+22685minor)pagefaults 0swaps

[g++] Compiling C++ files...
Fri, 10 Mar 2023 17:40:46 +0800
68.27user 2.00system 1:10.49elapsed 99%CPU (0avgtext+0avgdata 1844720maxresident)k
64inputs+22352outputs (0major+919270minor)pagefaults 0swaps

[verilator] Generating C++ files...
Fri, 10 Mar 2023 17:42:30 +0800
0.76user 0.06system 0:00.82elapsed 99%CPU (0avgtext+0avgdata 88564maxresident)k
0inputs+13264outputs (0major+22677minor)pagefaults 0swaps

[g++] Compiling C++ files...
Fri, 10 Mar 2023 17:42:31 +0800
0.70user 0.15system 0:00.90elapsed 95%CPU (0avgtext+0avgdata 105168maxresident)k
112inputs+13248outputs (0major+45721minor)pagefaults 0swaps

[verilator] Generating C++ files...
Fri, 10 Mar 2023 20:47:39 +0800
0.80user 0.13system 0:00.93elapsed 99%CPU (0avgtext+0avgdata 88404maxresident)k
0inputs+13264outputs (0major+22679minor)pagefaults 0swaps

[g++] Compiling C++ files...
Fri, 10 Mar 2023 20:47:40 +0800
72.09user 12.31system 1:24.55elapsed 99%CPU (0avgtext+0avgdata 1844808maxresident)k
80inputs+21408outputs (0major+786250minor)pagefaults 0swaps

[verilator] Generating C++ files...
Fri, 10 Mar 2023 20:49:44 +0800
0.75user 0.06system 0:00.82elapsed 99%CPU (0avgtext+0avgdata 88544maxresident)k
0inputs+13264outputs (0major+22679minor)pagefaults 0swaps

[g++] Compiling C++ files...
Fri, 10 Mar 2023 20:49:45 +0800
0.70user 0.15system 0:00.87elapsed 98%CPU (0avgtext+0avgdata 105140maxresident)k
80inputs+13248outputs (0major+45756minor)pagefaults 0swaps

[verilator] Generating C++ files...
Fri, 10 Mar 2023 21:43:09 +0800
0.76user 0.07system 0:00.84elapsed 99%CPU (0avgtext+0avgdata 88448maxresident)k
0inputs+13264outputs (0major+22678minor)pagefaults 0swaps

[g++] Compiling C++ files...
Fri, 10 Mar 2023 21:43:10 +0800
0.68user 0.18system 0:00.91elapsed 95%CPU (0avgtext+0avgdata 105128maxresident)k
128inputs+13248outputs (0major+45776minor)pagefaults 0swaps

[verilator] Generating C++ files...
Fri, 10 Mar 2023 21:48:02 +0800
0.74user 0.07system 0:00.82elapsed 99%CPU (0avgtext+0avgdata 88460maxresident)k
0inputs+13264outputs (0major+22675minor)pagefaults 0swaps

[g++] Compiling C++ files...
Fri, 10 Mar 2023 21:48:03 +0800
70.94user 2.85system 1:13.93elapsed 99%CPU (0avgtext+0avgdata 1844764maxresident)k
136inputs+21408outputs (0major+787363minor)pagefaults 0swaps

[verilator] Generating C++ files...
Fri, 10 Mar 2023 21:58:16 +0800
0.73user 0.07system 0:00.81elapsed 99%CPU (0avgtext+0avgdata 88520maxresident)k
136inputs+13264outputs (1major+22676minor)pagefaults 0swaps

[g++] Compiling C++ files...
Fri, 10 Mar 2023 21:58:17 +0800
0.67user 0.19system 0:00.91elapsed 95%CPU (0avgtext+0avgdata 105180maxresident)k
112inputs+13248outputs (0major+45764minor)pagefaults 0swaps

[verilator] Generating C++ files...
Sat, 11 Mar 2023 11:34:24 +0800
0.90user 0.55system 0:01.47elapsed 99%CPU (0avgtext+0avgdata 88380maxresident)k
0inputs+13264outputs (0major+22689minor)pagefaults 0swaps

[g++] Compiling C++ files...
Sat, 11 Mar 2023 11:34:26 +0800
0.82user 0.33system 0:01.18elapsed 97%CPU (0avgtext+0avgdata 105188maxresident)k
360inputs+13248outputs (0major+45793minor)pagefaults 0swaps

[verilator] Generating C++ files...
Sat, 11 Mar 2023 15:01:39 +0800
0.75user 0.07system 0:00.82elapsed 99%CPU (0avgtext+0avgdata 88384maxresident)k
0inputs+13264outputs (0major+22682minor)pagefaults 0swaps

[g++] Compiling C++ files...
Sat, 11 Mar 2023 15:01:40 +0800
74.26user 12.68system 1:27.02elapsed 99%CPU (0avgtext+0avgdata 1844620maxresident)k
680inputs+21408outputs (2major+785476minor)pagefaults 0swaps

[verilator] Generating C++ files...
Sat, 11 Mar 2023 15:03:50 +0800
0.79user 0.06system 0:00.86elapsed 99%CPU (0avgtext+0avgdata 88520maxresident)k
136inputs+13264outputs (1major+22676minor)pagefaults 0swaps

[g++] Compiling C++ files...
Sat, 11 Mar 2023 15:03:51 +0800
0.70user 0.22system 0:00.94elapsed 98%CPU (0avgtext+0avgdata 105008maxresident)k
80inputs+13248outputs (0major+45763minor)pagefaults 0swaps

[verilator] Generating C++ files...
Sat, 11 Mar 2023 16:54:48 +0800
0.78user 0.05system 0:00.86elapsed 96%CPU (0avgtext+0avgdata 88516maxresident)k
8inputs+13264outputs (0major+22681minor)pagefaults 0swaps

[g++] Compiling C++ files...
Sat, 11 Mar 2023 16:54:49 +0800
0.70user 0.16system 0:00.89elapsed 98%CPU (0avgtext+0avgdata 105172maxresident)k
1048inputs+13248outputs (0major+45764minor)pagefaults 0swaps

[verilator] Generating C++ files...
Sat, 11 Mar 2023 16:55:15 +0800
0.78user 0.08system 0:00.86elapsed 99%CPU (0avgtext+0avgdata 88496maxresident)k
0inputs+13264outputs (0major+22688minor)pagefaults 0swaps

[g++] Compiling C++ files...
Sat, 11 Mar 2023 16:55:16 +0800
0.65user 0.21system 0:00.89elapsed 96%CPU (0avgtext+0avgdata 105108maxresident)k
32inputs+13248outputs (0major+45745minor)pagefaults 0swaps

[verilator] Generating C++ files...
Sat, 11 Mar 2023 16:55:22 +0800
0.80user 0.03system 0:00.84elapsed 99%CPU (0avgtext+0avgdata 88524maxresident)k
0inputs+13264outputs (0major+22685minor)pagefaults 0swaps

[g++] Compiling C++ files...
Sat, 11 Mar 2023 16:55:23 +0800
0.63user 0.24system 0:00.91elapsed 96%CPU (0avgtext+0avgdata 105164maxresident)k
40inputs+13248outputs (0major+45731minor)pagefaults 0swaps

[verilator] Generating C++ files...
Sat, 11 Mar 2023 16:57:26 +0800
0.79user 0.06system 0:00.86elapsed 99%CPU (0avgtext+0avgdata 89488maxresident)k
0inputs+13264outputs (0major+22935minor)pagefaults 0swaps

[g++] Compiling C++ files...
Sat, 11 Mar 2023 16:57:27 +0800
66.42user 7.21system 1:13.71elapsed 99%CPU (0avgtext+0avgdata 1844788maxresident)k
40inputs+14328outputs (0major+514748minor)pagefaults 0swaps

[verilator] Generating C++ files...
Sat, 11 Mar 2023 16:58:59 +0800
0.83user 0.10system 0:00.93elapsed 99%CPU (0avgtext+0avgdata 89340maxresident)k
0inputs+13272outputs (0major+22924minor)pagefaults 0swaps

[g++] Compiling C++ files...
Sat, 11 Mar 2023 16:59:00 +0800
63.14user 1.31system 1:04.54elapsed 99%CPU (0avgtext+0avgdata 1844808maxresident)k
120inputs+14360outputs (0major+514660minor)pagefaults 0swaps

[verilator] Generating C++ files...
Sat, 11 Mar 2023 17:08:46 +0800
Command exited with non-zero status 1
0.05user 0.01system 0:00.06elapsed 98%CPU (0avgtext+0avgdata 17220maxresident)k
0inputs+0outputs (0major+5130minor)pagefaults 0swaps

[verilator] Generating C++ files...
Sat, 11 Mar 2023 17:09:11 +0800
0.79user 0.07system 0:00.87elapsed 99%CPU (0avgtext+0avgdata 89484maxresident)k
0inputs+13240outputs (0major+22941minor)pagefaults 0swaps

[g++] Compiling C++ files...
Sat, 11 Mar 2023 17:09:12 +0800
70.89user 2.15system 1:13.24elapsed 99%CPU (0avgtext+0avgdata 1844716maxresident)k
120inputs+22360outputs (0major+946615minor)pagefaults 0swaps

[verilator] Generating C++ files...
Sat, 11 Mar 2023 17:10:46 +0800
0.77user 0.07system 0:00.85elapsed 99%CPU (0avgtext+0avgdata 89588maxresident)k
0inputs+13240outputs (0major+22931minor)pagefaults 0swaps

[g++] Compiling C++ files...
Sat, 11 Mar 2023 17:10:47 +0800
0.74user 0.23system 0:01.02elapsed 95%CPU (0avgtext+0avgdata 105172maxresident)k
112inputs+13256outputs (0major+49409minor)pagefaults 0swaps

[verilator] Generating C++ files...
Sat, 11 Mar 2023 17:54:57 +0800
0.86user 0.11system 0:01.13elapsed 85%CPU (0avgtext+0avgdata 89436maxresident)k
27008inputs+13240outputs (156major+22860minor)pagefaults 0swaps

[g++] Compiling C++ files...
Sat, 11 Mar 2023 17:54:58 +0800
0.84user 0.34system 0:01.71elapsed 69%CPU (0avgtext+0avgdata 104920maxresident)k
69064inputs+13232outputs (313major+45606minor)pagefaults 0swaps

[verilator] Generating C++ files...
Sat, 11 Mar 2023 17:56:06 +0800
0.79user 0.05system 0:00.84elapsed 99%CPU (0avgtext+0avgdata 89420maxresident)k
0inputs+13240outputs (0major+22928minor)pagefaults 0swaps

[g++] Compiling C++ files...
Sat, 11 Mar 2023 17:56:06 +0800
0.70user 0.17system 0:00.91elapsed 95%CPU (0avgtext+0avgdata 104808maxresident)k
472inputs+13232outputs (0major+45773minor)pagefaults 0swaps

[verilator] Generating C++ files...
Sat, 11 Mar 2023 17:57:08 +0800
0.78user 0.06system 0:00.84elapsed 99%CPU (0avgtext+0avgdata 89396maxresident)k
0inputs+13240outputs (0major+22935minor)pagefaults 0swaps

[g++] Compiling C++ files...
Sat, 11 Mar 2023 17:57:09 +0800
66.27user 1.54system 1:08.02elapsed 99%CPU (0avgtext+0avgdata 1844768maxresident)k
2512inputs+21368outputs (35major+785665minor)pagefaults 0swaps

[verilator] Generating C++ files...
Sat, 11 Mar 2023 21:06:32 +0800
0.90user 0.15system 0:01.17elapsed 89%CPU (0avgtext+0avgdata 89468maxresident)k
27432inputs+13248outputs (152major+22872minor)pagefaults 0swaps

[g++] Compiling C++ files...
Sat, 11 Mar 2023 21:06:33 +0800
75.90user 2.88system 1:20.79elapsed 97%CPU (0avgtext+0avgdata 1823344maxresident)k
174744inputs+22384outputs (5071major+950022minor)pagefaults 0swaps

[verilator] Generating C++ files...
Sat, 11 Mar 2023 21:08:21 +0800
0.97user 0.09system 0:01.11elapsed 96%CPU (0avgtext+0avgdata 89420maxresident)k
26104inputs+13248outputs (154major+22866minor)pagefaults 0swaps

[g++] Compiling C++ files...
Sat, 11 Mar 2023 21:08:22 +0800
0.75user 0.26system 0:01.10elapsed 92%CPU (0avgtext+0avgdata 104932maxresident)k
2712inputs+13232outputs (3major+45779minor)pagefaults 0swaps

[verilator] Generating C++ files...
Sat, 11 Mar 2023 21:08:59 +0800
0.88user 0.07system 0:00.96elapsed 99%CPU (0avgtext+0avgdata 89456maxresident)k
0inputs+13248outputs (0major+22924minor)pagefaults 0swaps

[g++] Compiling C++ files...
Sat, 11 Mar 2023 21:09:00 +0800
0.74user 0.23system 0:01.03elapsed 94%CPU (0avgtext+0avgdata 104836maxresident)k
264inputs+13232outputs (0major+45764minor)pagefaults 0swaps

[verilator] Generating C++ files...
Sat, 11 Mar 2023 21:10:40 +0800
0.89user 0.06system 0:00.95elapsed 100%CPU (0avgtext+0avgdata 88600maxresident)k
0inputs+13248outputs (0major+22727minor)pagefaults 0swaps

[g++] Compiling C++ files...
Sat, 11 Mar 2023 21:10:41 +0800
0.73user 0.22system 0:00.99elapsed 96%CPU (0avgtext+0avgdata 104868maxresident)k
96inputs+13232outputs (0major+45784minor)pagefaults 0swaps

[verilator] Generating C++ files...
Sat, 11 Mar 2023 21:21:35 +0800
0.88user 0.06system 0:00.95elapsed 99%CPU (0avgtext+0avgdata 89412maxresident)k
0inputs+13248outputs (0major+22932minor)pagefaults 0swaps

[g++] Compiling C++ files...
Sat, 11 Mar 2023 21:21:36 +0800
70.71user 2.18system 1:13.04elapsed 99%CPU (0avgtext+0avgdata 1844412maxresident)k
1176inputs+21392outputs (11major+786344minor)pagefaults 0swaps

[verilator] Generating C++ files...
Mon, 13 Mar 2023 14:01:58 +0800
0.87user 0.06system 0:01.12elapsed 83%CPU (0avgtext+0avgdata 89332maxresident)k
26624inputs+13248outputs (150major+22848minor)pagefaults 0swaps

[g++] Compiling C++ files...
Mon, 13 Mar 2023 14:01:59 +0800
0.87user 0.22system 0:01.73elapsed 62%CPU (0avgtext+0avgdata 104828maxresident)k
81328inputs+13240outputs (374major+45553minor)pagefaults 0swaps

[verilator] Generating C++ files...
Fri, 17 Mar 2023 15:47:00 +0800
0.79user 0.06system 0:01.03elapsed 82%CPU (0avgtext+0avgdata 89272maxresident)k
27552inputs+13248outputs (153major+22856minor)pagefaults 0swaps

[g++] Compiling C++ files...
Fri, 17 Mar 2023 15:47:02 +0800
70.82user 2.69system 1:14.55elapsed 98%CPU (0avgtext+0avgdata 1837460maxresident)k
127680inputs+22832outputs (779major+1019095minor)pagefaults 0swaps

[verilator] Generating C++ files...
Fri, 17 Mar 2023 16:05:54 +0800
0.81user 0.08system 0:00.93elapsed 95%CPU (0avgtext+0avgdata 89180maxresident)k
25456inputs+13248outputs (153major+22839minor)pagefaults 0swaps

[g++] Compiling C++ files...
Fri, 17 Mar 2023 16:05:55 +0800
0.71user 0.16system 0:00.92elapsed 96%CPU (0avgtext+0avgdata 104880maxresident)k
2120inputs+13248outputs (3major+45769minor)pagefaults 0swaps

[verilator] Generating C++ files...
Fri, 17 Mar 2023 16:07:48 +0800
0.77user 0.06system 0:00.84elapsed 99%CPU (0avgtext+0avgdata 89236maxresident)k
0inputs+13248outputs (0major+22912minor)pagefaults 0swaps

[g++] Compiling C++ files...
Fri, 17 Mar 2023 16:07:49 +0800
0.65user 0.19system 0:00.85elapsed 99%CPU (0avgtext+0avgdata 104872maxresident)k
0inputs+13240outputs (0major+45731minor)pagefaults 0swaps

[verilator] Generating C++ files...
Fri, 17 Mar 2023 16:38:52 +0800
0.78user 0.07system 0:00.85elapsed 100%CPU (0avgtext+0avgdata 89312maxresident)k
0inputs+13248outputs (0major+22913minor)pagefaults 0swaps

[g++] Compiling C++ files...
Fri, 17 Mar 2023 16:38:53 +0800
0.63user 0.22system 0:00.85elapsed 99%CPU (0avgtext+0avgdata 104864maxresident)k
0inputs+13240outputs (0major+45749minor)pagefaults 0swaps

[verilator] Generating C++ files...
Thu, 30 Mar 2023 10:02:07 +0800
0.79user 0.06system 0:00.98elapsed 87%CPU (0avgtext+0avgdata 91552maxresident)k
20432inputs+13248outputs (106major+23386minor)pagefaults 0swaps

[g++] Compiling C++ files...
Thu, 30 Mar 2023 10:02:08 +0800
0.83user 0.18system 0:01.62elapsed 62%CPU (0avgtext+0avgdata 104780maxresident)k
79672inputs+13240outputs (372major+45536minor)pagefaults 0swaps

[verilator] Generating C++ files...
Thu, 30 Mar 2023 10:22:31 +0800
0.74user 0.06system 0:00.80elapsed 100%CPU (0avgtext+0avgdata 89556maxresident)k
8inputs+13248outputs (0major+22923minor)pagefaults 0swaps

[g++] Compiling C++ files...
Thu, 30 Mar 2023 10:22:32 +0800
0.66user 0.16system 0:00.85elapsed 96%CPU (0avgtext+0avgdata 104892maxresident)k
272inputs+13240outputs (0major+45713minor)pagefaults 0swaps

[verilator] Generating C++ files...
Mon, 03 Apr 2023 14:22:41 +0800
0.80user 0.06system 0:01.05elapsed 82%CPU (0avgtext+0avgdata 89372maxresident)k
24016inputs+13248outputs (140major+22852minor)pagefaults 0swaps

[g++] Compiling C++ files...
Mon, 03 Apr 2023 14:22:42 +0800
0.75user 0.23system 0:01.56elapsed 63%CPU (0avgtext+0avgdata 104736maxresident)k
76408inputs+13240outputs (374major+45545minor)pagefaults 0swaps

[verilator] Generating C++ files...
Mon, 03 Apr 2023 14:26:02 +0800
0.77user 0.04system 0:00.81elapsed 100%CPU (0avgtext+0avgdata 89268maxresident)k
0inputs+13248outputs (0major+22904minor)pagefaults 0swaps

[g++] Compiling C++ files...
Mon, 03 Apr 2023 14:26:03 +0800
0.67user 0.16system 0:00.84elapsed 99%CPU (0avgtext+0avgdata 104900maxresident)k
264inputs+13248outputs (0major+45729minor)pagefaults 0swaps

[verilator] Generating C++ files...
Mon, 03 Apr 2023 14:27:09 +0800
0.76user 0.05system 0:00.82elapsed 99%CPU (0avgtext+0avgdata 89268maxresident)k
0inputs+13248outputs (0major+22909minor)pagefaults 0swaps

[g++] Compiling C++ files...
Mon, 03 Apr 2023 14:27:10 +0800
0.69user 0.15system 0:00.88elapsed 96%CPU (0avgtext+0avgdata 104896maxresident)k
8inputs+13240outputs (0major+45730minor)pagefaults 0swaps

[verilator] Generating C++ files...
Mon, 03 Apr 2023 16:47:04 +0800
0.82user 0.07system 0:01.06elapsed 84%CPU (0avgtext+0avgdata 89260maxresident)k
27024inputs+13248outputs (154major+22845minor)pagefaults 0swaps

[g++] Compiling C++ files...
Mon, 03 Apr 2023 16:47:05 +0800
0.79user 0.26system 0:01.56elapsed 67%CPU (0avgtext+0avgdata 104544maxresident)k
77696inputs+13240outputs (377major+45471minor)pagefaults 0swaps

[verilator] Generating C++ files...
Mon, 03 Apr 2023 16:58:18 +0800
0.80user 0.05system 0:00.88elapsed 96%CPU (0avgtext+0avgdata 89328maxresident)k
8inputs+13248outputs (0major+22910minor)pagefaults 0swaps

[g++] Compiling C++ files...
Mon, 03 Apr 2023 16:58:19 +0800
0.67user 0.21system 0:00.96elapsed 92%CPU (0avgtext+0avgdata 104812maxresident)k
680inputs+13240outputs (0major+45683minor)pagefaults 0swaps

[verilator] Generating C++ files...
Mon, 03 Apr 2023 17:09:11 +0800
0.76user 0.10system 0:00.87elapsed 99%CPU (0avgtext+0avgdata 89128maxresident)k
2152inputs+13248outputs (17major+22887minor)pagefaults 0swaps

[g++] Compiling C++ files...
Mon, 03 Apr 2023 17:09:12 +0800
0.70user 0.17system 0:00.92elapsed 95%CPU (0avgtext+0avgdata 104700maxresident)k
3064inputs+13240outputs (30major+45713minor)pagefaults 0swaps

[verilator] Generating C++ files...
Mon, 03 Apr 2023 18:54:37 +0800
0.81user 0.06system 0:01.02elapsed 86%CPU (0avgtext+0avgdata 89296maxresident)k
27560inputs+13248outputs (156major+22838minor)pagefaults 0swaps

[g++] Compiling C++ files...
Mon, 03 Apr 2023 18:54:38 +0800
0.77user 0.22system 0:01.43elapsed 69%CPU (0avgtext+0avgdata 104688maxresident)k
78816inputs+13240outputs (374major+45482minor)pagefaults 0swaps

[verilator] Generating C++ files...
Mon, 03 Apr 2023 19:06:50 +0800
0.77user 0.04system 0:00.82elapsed 99%CPU (0avgtext+0avgdata 89372maxresident)k
0inputs+13248outputs (0major+22910minor)pagefaults 0swaps

[g++] Compiling C++ files...
Mon, 03 Apr 2023 19:06:51 +0800
0.66user 0.17system 0:00.88elapsed 95%CPU (0avgtext+0avgdata 104876maxresident)k
368inputs+13240outputs (0major+45728minor)pagefaults 0swaps

[verilator] Generating C++ files...
Mon, 03 Apr 2023 19:08:24 +0800
0.76user 0.07system 0:00.83elapsed 99%CPU (0avgtext+0avgdata 89224maxresident)k
0inputs+13248outputs (0major+22907minor)pagefaults 0swaps

[g++] Compiling C++ files...
Mon, 03 Apr 2023 19:08:25 +0800
0.66user 0.17system 0:00.88elapsed 95%CPU (0avgtext+0avgdata 104812maxresident)k
80inputs+13240outputs (0major+45695minor)pagefaults 0swaps

[verilator] Generating C++ files...
Mon, 03 Apr 2023 19:10:15 +0800
0.75user 0.06system 0:00.82elapsed 99%CPU (0avgtext+0avgdata 89400maxresident)k
0inputs+13248outputs (0major+22906minor)pagefaults 0swaps

[g++] Compiling C++ files...
Mon, 03 Apr 2023 19:10:16 +0800
0.64user 0.20system 0:00.89elapsed 94%CPU (0avgtext+0avgdata 104788maxresident)k
328inputs+13240outputs (0major+45740minor)pagefaults 0swaps

[verilator] Generating C++ files...
Mon, 03 Apr 2023 19:56:21 +0800
0.79user 0.09system 0:01.03elapsed 85%CPU (0avgtext+0avgdata 91456maxresident)k
27968inputs+13248outputs (155major+23335minor)pagefaults 0swaps

[g++] Compiling C++ files...
Mon, 03 Apr 2023 19:56:23 +0800
0.76user 0.24system 0:01.45elapsed 69%CPU (0avgtext+0avgdata 104704maxresident)k
79184inputs+13240outputs (384major+45470minor)pagefaults 0swaps

[verilator] Generating C++ files...
Tue, 04 Apr 2023 17:17:15 +0800
0.81user 0.09system 0:01.08elapsed 83%CPU (0avgtext+0avgdata 89244maxresident)k
27112inputs+13248outputs (153major+22837minor)pagefaults 0swaps

[g++] Compiling C++ files...
Tue, 04 Apr 2023 17:17:16 +0800
0.77user 0.26system 0:01.62elapsed 64%CPU (0avgtext+0avgdata 104500maxresident)k
77032inputs+13240outputs (374major+45465minor)pagefaults 0swaps

[verilator] Generating C++ files...
Tue, 04 Apr 2023 18:01:07 +0800
0.80user 0.05system 0:01.02elapsed 84%CPU (0avgtext+0avgdata 89364maxresident)k
26776inputs+13248outputs (155major+22856minor)pagefaults 0swaps

[g++] Compiling C++ files...
Tue, 04 Apr 2023 18:01:08 +0800
0.71user 0.27system 0:01.41elapsed 69%CPU (0avgtext+0avgdata 104704maxresident)k
76656inputs+13240outputs (374major+45515minor)pagefaults 0swaps

[verilator] Generating C++ files...
Wed, 05 Apr 2023 21:18:33 +0800
0.82user 0.35system 0:01.41elapsed 83%CPU (0avgtext+0avgdata 89404maxresident)k
26928inputs+13248outputs (155major+22851minor)pagefaults 0swaps

[g++] Compiling C++ files...
Wed, 05 Apr 2023 21:18:35 +0800
0.91user 0.37system 0:01.88elapsed 68%CPU (0avgtext+0avgdata 104468maxresident)k
77528inputs+13240outputs (378major+45450minor)pagefaults 0swaps

[verilator] Generating C++ files...
Thu, 06 Apr 2023 14:40:07 +0800
0.91user 0.10system 0:01.19elapsed 85%CPU (0avgtext+0avgdata 89484maxresident)k
26760inputs+13248outputs (147major+22860minor)pagefaults 0swaps

[g++] Compiling C++ files...
Thu, 06 Apr 2023 14:40:08 +0800
0.83user 0.32system 0:01.72elapsed 66%CPU (0avgtext+0avgdata 104748maxresident)k
80296inputs+13240outputs (388major+45501minor)pagefaults 0swaps

[verilator] Generating C++ files...
Thu, 06 Apr 2023 14:47:23 +0800
Command exited with non-zero status 255
0.76user 0.08system 0:00.85elapsed 99%CPU (0avgtext+0avgdata 88620maxresident)k
408inputs+0outputs (5major+22727minor)pagefaults 0swaps

[verilator] Generating C++ files...
Thu, 06 Apr 2023 14:51:12 +0800
0.69user 0.10system 0:00.79elapsed 99%CPU (0avgtext+0avgdata 88592maxresident)k
1984inputs+9096outputs (17major+22708minor)pagefaults 0swaps

[g++] Compiling C++ files...
Thu, 06 Apr 2023 14:51:13 +0800
15.63user 1.56system 0:17.65elapsed 97%CPU (0avgtext+0avgdata 432700maxresident)k
16128inputs+12152outputs (127major+431974minor)pagefaults 0swaps

[verilator] Generating C++ files...
Thu, 06 Apr 2023 14:53:26 +0800
0.85user 0.06system 0:00.92elapsed 99%CPU (0avgtext+0avgdata 89328maxresident)k
32inputs+13248outputs (2major+22921minor)pagefaults 0swaps

[g++] Compiling C++ files...
Thu, 06 Apr 2023 14:53:27 +0800
0.76user 0.20system 0:01.02elapsed 94%CPU (0avgtext+0avgdata 104856maxresident)k
928inputs+13240outputs (0major+45676minor)pagefaults 0swaps

[verilator] Generating C++ files...
Thu, 06 Apr 2023 14:53:54 +0800
0.82user 0.06system 0:00.89elapsed 99%CPU (0avgtext+0avgdata 89404maxresident)k
8inputs+13248outputs (0major+22922minor)pagefaults 0swaps

[g++] Compiling C++ files...
Thu, 06 Apr 2023 14:53:55 +0800
62.57user 1.71system 1:04.47elapsed 99%CPU (0avgtext+0avgdata 1842624maxresident)k
26616inputs+14352outputs (73major+514551minor)pagefaults 0swaps

[verilator] Generating C++ files...
Thu, 06 Apr 2023 14:57:52 +0800
0.77user 0.07system 0:00.92elapsed 92%CPU (0avgtext+0avgdata 89328maxresident)k
17696inputs+13240outputs (109major+22891minor)pagefaults 0swaps

[g++] Compiling C++ files...
Thu, 06 Apr 2023 14:57:53 +0800
6.22user 0.51system 0:06.86elapsed 98%CPU (0avgtext+0avgdata 351196maxresident)k
5184inputs+18728outputs (29major+247442minor)pagefaults 0swaps

[verilator] Generating C++ files...
Thu, 06 Apr 2023 14:58:12 +0800
0.65user 0.03system 0:00.69elapsed 99%CPU (0avgtext+0avgdata 88564maxresident)k
0inputs+9096outputs (0major+22727minor)pagefaults 0swaps

[g++] Compiling C++ files...
Thu, 06 Apr 2023 14:58:12 +0800
0.75user 0.15system 0:00.92elapsed 98%CPU (0avgtext+0avgdata 104960maxresident)k
800inputs+8888outputs (0major+47282minor)pagefaults 0swaps

[verilator] Generating C++ files...
Thu, 06 Apr 2023 14:58:25 +0800
0.63user 0.05system 0:00.69elapsed 99%CPU (0avgtext+0avgdata 88648maxresident)k
0inputs+9096outputs (0major+22754minor)pagefaults 0swaps

[g++] Compiling C++ files...
Thu, 06 Apr 2023 14:58:26 +0800
0.62user 0.19system 0:00.85elapsed 96%CPU (0avgtext+0avgdata 104820maxresident)k
24inputs+8848outputs (0major+43709minor)pagefaults 0swaps

[verilator] Generating C++ files...
Thu, 06 Apr 2023 14:59:40 +0800
0.76user 0.03system 0:00.79elapsed 99%CPU (0avgtext+0avgdata 89420maxresident)k
0inputs+13240outputs (0major+22918minor)pagefaults 0swaps

[g++] Compiling C++ files...
Thu, 06 Apr 2023 14:59:41 +0800
0.65user 0.17system 0:00.90elapsed 92%CPU (0avgtext+0avgdata 104844maxresident)k
128inputs+13240outputs (0major+45701minor)pagefaults 0swaps

[verilator] Generating C++ files...
Thu, 06 Apr 2023 15:01:27 +0800
0.75user 0.05system 0:00.80elapsed 99%CPU (0avgtext+0avgdata 89356maxresident)k
0inputs+13240outputs (0major+22931minor)pagefaults 0swaps

[g++] Compiling C++ files...
Thu, 06 Apr 2023 15:01:27 +0800
0.67user 0.16system 0:00.87elapsed 96%CPU (0avgtext+0avgdata 104716maxresident)k
152inputs+13248outputs (0major+45702minor)pagefaults 0swaps

[verilator] Generating C++ files...
Thu, 06 Apr 2023 15:03:41 +0800
0.65user 0.05system 0:00.70elapsed 99%CPU (0avgtext+0avgdata 88560maxresident)k
0inputs+9096outputs (0major+22732minor)pagefaults 0swaps

[g++] Compiling C++ files...
Thu, 06 Apr 2023 15:03:42 +0800
0.62user 0.20system 0:00.86elapsed 95%CPU (0avgtext+0avgdata 104844maxresident)k
80inputs+8848outputs (0major+43713minor)pagefaults 0swaps

[verilator] Generating C++ files...
Thu, 06 Apr 2023 15:53:19 +0800
0.87user 0.09system 0:00.97elapsed 99%CPU (0avgtext+0avgdata 88568maxresident)k
0inputs+9096outputs (0major+22723minor)pagefaults 0swaps

[g++] Compiling C++ files...
Thu, 06 Apr 2023 15:53:20 +0800
9.46user 0.42system 0:09.96elapsed 99%CPU (0avgtext+0avgdata 432972maxresident)k
160inputs+9792outputs (1major+158643minor)pagefaults 0swaps

[verilator] Generating C++ files...
Thu, 06 Apr 2023 15:53:48 +0800
0.93user 0.06system 0:00.99elapsed 99%CPU (0avgtext+0avgdata 91440maxresident)k
0inputs+13240outputs (0major+23435minor)pagefaults 0swaps

[g++] Compiling C++ files...
Thu, 06 Apr 2023 15:53:49 +0800
68.54user 1.68system 1:10.59elapsed 99%CPU (0avgtext+0avgdata 1841544maxresident)k
49112inputs+14352outputs (138major+514619minor)pagefaults 0swaps

[verilator] Generating C++ files...
Thu, 06 Apr 2023 15:56:12 +0800
0.87user 0.08system 0:01.09elapsed 88%CPU (0avgtext+0avgdata 89428maxresident)k
25648inputs+13240outputs (154major+22852minor)pagefaults 0swaps

[g++] Compiling C++ files...
Thu, 06 Apr 2023 15:56:13 +0800
0.84user 0.21system 0:01.16elapsed 91%CPU (0avgtext+0avgdata 104884maxresident)k
6640inputs+13240outputs (41major+45669minor)pagefaults 0swaps

[verilator] Generating C++ files...
Thu, 06 Apr 2023 15:57:48 +0800
0.85user 0.04system 0:00.90elapsed 99%CPU (0avgtext+0avgdata 89532maxresident)k
0inputs+13240outputs (0major+22927minor)pagefaults 0swaps

[g++] Compiling C++ files...
Thu, 06 Apr 2023 15:57:49 +0800
0.75user 0.18system 0:01.02elapsed 92%CPU (0avgtext+0avgdata 104908maxresident)k
264inputs+13240outputs (0major+45683minor)pagefaults 0swaps

[verilator] Generating C++ files...
Fri, 07 Apr 2023 10:34:56 +0800
0.79user 0.06system 0:01.06elapsed 81%CPU (0avgtext+0avgdata 89384maxresident)k
28000inputs+13240outputs (151major+22861minor)pagefaults 0swaps

[g++] Compiling C++ files...
Fri, 07 Apr 2023 10:34:57 +0800
0.82user 0.20system 0:01.61elapsed 63%CPU (0avgtext+0avgdata 104920maxresident)k
78320inputs+13240outputs (377major+45421minor)pagefaults 0swaps

[verilator] Generating C++ files...
Wed, 12 Apr 2023 17:11:23 +0800
0.78user 0.10system 0:01.03elapsed 86%CPU (0avgtext+0avgdata 89252maxresident)k
27568inputs+13240outputs (152major+22847minor)pagefaults 0swaps

[g++] Compiling C++ files...
Wed, 12 Apr 2023 17:11:24 +0800
0.81user 0.27system 0:01.74elapsed 62%CPU (0avgtext+0avgdata 104488maxresident)k
79920inputs+13240outputs (391major+45465minor)pagefaults 0swaps

[verilator] Generating C++ files...
Thu, 20 Apr 2023 15:20:49 +0800
0.86user 0.07system 0:01.08elapsed 87%CPU (0avgtext+0avgdata 89408maxresident)k
26184inputs+13248outputs (152major+22849minor)pagefaults 0swaps

[g++] Compiling C++ files...
Thu, 20 Apr 2023 15:20:51 +0800
78.97user 3.45system 1:23.15elapsed 99%CPU (0avgtext+0avgdata 1841316maxresident)k
100120inputs+22544outputs (734major+955727minor)pagefaults 0swaps

[verilator] Generating C++ files...
Thu, 20 Apr 2023 16:29:48 +0800
0.79user 0.12system 0:00.96elapsed 95%CPU (0avgtext+0avgdata 89596maxresident)k
23048inputs+13224outputs (145major+22927minor)pagefaults 0swaps

[g++] Compiling C++ files...
Thu, 20 Apr 2023 16:29:49 +0800
75.93user 2.63system 1:18.65elapsed 99%CPU (0avgtext+0avgdata 1847364maxresident)k
7504inputs+22408outputs (42major+944087minor)pagefaults 0swaps

[verilator] Generating C++ files...
Thu, 20 Apr 2023 16:48:57 +0800
0.86user 0.06system 0:00.93elapsed 99%CPU (0avgtext+0avgdata 89648maxresident)k
336inputs+13240outputs (5major+22989minor)pagefaults 0swaps

[g++] Compiling C++ files...
Thu, 20 Apr 2023 16:48:58 +0800
74.01user 2.57system 1:16.65elapsed 99%CPU (0avgtext+0avgdata 1854716maxresident)k
896inputs+22392outputs (2major+952090minor)pagefaults 0swaps

[verilator] Generating C++ files...
Thu, 20 Apr 2023 17:44:12 +0800
Command exited with non-zero status 1
0.82user 0.06system 0:00.88elapsed 99%CPU (0avgtext+0avgdata 90300maxresident)k
8inputs+13248outputs (0major+23181minor)pagefaults 0swaps

[verilator] Generating C++ files...
Thu, 20 Apr 2023 17:45:04 +0800
0.81user 0.05system 0:00.87elapsed 99%CPU (0avgtext+0avgdata 90584maxresident)k
0inputs+13304outputs (0major+23185minor)pagefaults 0swaps

[g++] Compiling C++ files...
Thu, 20 Apr 2023 17:45:05 +0800
75.25user 2.38system 1:17.70elapsed 99%CPU (0avgtext+0avgdata 1858704maxresident)k
8040inputs+22464outputs (35major+953385minor)pagefaults 0swaps

[verilator] Generating C++ files...
Thu, 20 Apr 2023 17:56:43 +0800
0.87user 0.07system 0:00.95elapsed 99%CPU (0avgtext+0avgdata 92520maxresident)k
144inputs+13304outputs (1major+23704minor)pagefaults 0swaps

[g++] Compiling C++ files...
Thu, 20 Apr 2023 17:56:44 +0800
76.41user 2.74system 1:19.21elapsed 99%CPU (0avgtext+0avgdata 1859036maxresident)k
960inputs+22464outputs (4major+951245minor)pagefaults 0swaps

[verilator] Generating C++ files...
Thu, 20 Apr 2023 18:26:30 +0800
Command exited with non-zero status 1
0.08user 0.02system 0:00.11elapsed 98%CPU (0avgtext+0avgdata 28688maxresident)k
0inputs+0outputs (0major+7918minor)pagefaults 0swaps

[verilator] Generating C++ files...
Thu, 20 Apr 2023 18:32:08 +0800
0.84user 0.07system 0:00.92elapsed 99%CPU (0avgtext+0avgdata 90504maxresident)k
0inputs+13312outputs (0major+23193minor)pagefaults 0swaps

[g++] Compiling C++ files...
Thu, 20 Apr 2023 18:32:09 +0800
71.83user 2.13system 1:14.02elapsed 99%CPU (0avgtext+0avgdata 1859036maxresident)k
840inputs+21472outputs (5major+797416minor)pagefaults 0swaps

[verilator] Generating C++ files...
Sat, 22 Apr 2023 18:44:47 +0800
Command exited with non-zero status 1
0.18user 0.19system 0:00.43elapsed 84%CPU (0avgtext+0avgdata 20660maxresident)k
17008inputs+0outputs (81major+5962minor)pagefaults 0swaps

[verilator] Generating C++ files...
Sat, 22 Apr 2023 18:46:53 +0800
Command exited with non-zero status 1
0.15user 0.03system 0:00.18elapsed 98%CPU (0avgtext+0avgdata 20804maxresident)k
0inputs+0outputs (0major+6013minor)pagefaults 0swaps

[verilator] Generating C++ files...
Sat, 22 Apr 2023 18:47:43 +0800
Command exited with non-zero status 1
0.16user 0.01system 0:00.18elapsed 98%CPU (0avgtext+0avgdata 20604maxresident)k
0inputs+0outputs (0major+5991minor)pagefaults 0swaps

[verilator] Generating C++ files...
Sat, 22 Apr 2023 18:48:07 +0800
Command exited with non-zero status 1
1.10user 0.50system 0:01.62elapsed 99%CPU (0avgtext+0avgdata 90604maxresident)k
1136inputs+13312outputs (24major+23176minor)pagefaults 0swaps

[verilator] Generating C++ files...
Sat, 22 Apr 2023 18:52:58 +0800
1.12user 0.08system 0:01.21elapsed 99%CPU (0avgtext+0avgdata 90576maxresident)k
0inputs+13368outputs (0major+23198minor)pagefaults 0swaps

[g++] Compiling C++ files...
Sat, 22 Apr 2023 18:52:59 +0800
88.89user 14.78system 1:44.55elapsed 99%CPU (0avgtext+0avgdata 1855804maxresident)k
77960inputs+22576outputs (402major+952739minor)pagefaults 0swaps

[verilator] Generating C++ files...
Sat, 22 Apr 2023 19:00:49 +0800
Command exited with non-zero status 1
0.21user 0.02system 0:00.23elapsed 99%CPU (0avgtext+0avgdata 29104maxresident)k
0inputs+0outputs (0major+8004minor)pagefaults 0swaps

[verilator] Generating C++ files...
Sat, 22 Apr 2023 19:01:39 +0800
1.07user 0.11system 0:01.19elapsed 99%CPU (0avgtext+0avgdata 90504maxresident)k
0inputs+13376outputs (0major+23184minor)pagefaults 0swaps

[g++] Compiling C++ files...
Sat, 22 Apr 2023 19:01:40 +0800
87.59user 3.76system 1:31.59elapsed 99%CPU (0avgtext+0avgdata 1855940maxresident)k
160inputs+22616outputs (1major+953240minor)pagefaults 0swaps

[verilator] Generating C++ files...
Wed, 03 May 2023 09:29:59 +0800
0.77user 0.08system 0:00.88elapsed 97%CPU (0avgtext+0avgdata 90444maxresident)k
504inputs+13376outputs (0major+23191minor)pagefaults 0swaps

[g++] Compiling C++ files...
Wed, 03 May 2023 09:30:00 +0800
0.67user 0.17system 0:00.92elapsed 92%CPU (0avgtext+0avgdata 105096maxresident)k
2472inputs+13360outputs (0major+45708minor)pagefaults 0swaps

[verilator] Generating C++ files...
Wed, 03 May 2023 10:13:16 +0800
0.78user 0.08system 0:00.86elapsed 99%CPU (0avgtext+0avgdata 90576maxresident)k
0inputs+13376outputs (0major+23194minor)pagefaults 0swaps

[g++] Compiling C++ files...
Wed, 03 May 2023 10:13:17 +0800
0.68user 0.17system 0:00.85elapsed 99%CPU (0avgtext+0avgdata 105112maxresident)k
0inputs+13360outputs (0major+45695minor)pagefaults 0swaps

[verilator] Generating C++ files...
Wed, 03 May 2023 11:47:03 +0800
0.75user 0.09system 0:00.84elapsed 99%CPU (0avgtext+0avgdata 90548maxresident)k
0inputs+13376outputs (0major+23179minor)pagefaults 0swaps

[g++] Compiling C++ files...
Wed, 03 May 2023 11:47:04 +0800
0.69user 0.15system 0:00.85elapsed 99%CPU (0avgtext+0avgdata 105080maxresident)k
0inputs+13360outputs (0major+45680minor)pagefaults 0swaps

[verilator] Generating C++ files...
Wed, 03 May 2023 11:47:57 +0800
0.75user 0.07system 0:00.83elapsed 99%CPU (0avgtext+0avgdata 90476maxresident)k
0inputs+13376outputs (0major+23192minor)pagefaults 0swaps

[g++] Compiling C++ files...
Wed, 03 May 2023 11:47:58 +0800
0.68user 0.15system 0:00.83elapsed 99%CPU (0avgtext+0avgdata 105212maxresident)k
0inputs+13360outputs (0major+45693minor)pagefaults 0swaps

[verilator] Generating C++ files...
Wed, 03 May 2023 18:49:30 +0800
0.77user 0.12system 0:00.90elapsed 99%CPU (0avgtext+0avgdata 90608maxresident)k
0inputs+13376outputs (0major+23187minor)pagefaults 0swaps

[g++] Compiling C++ files...
Wed, 03 May 2023 18:49:30 +0800
0.68user 0.21system 0:00.89elapsed 99%CPU (0avgtext+0avgdata 105084maxresident)k
32inputs+13360outputs (0major+45697minor)pagefaults 0swaps
