
[verilator] Generating C++ files...
Fri, 24 Feb 2023 18:22:59 +0800
0.36user 0.01system 0:00.38elapsed 99%CPU (0avgtext+0avgdata 53736maxresident)k
0inputs+3584outputs (0major+13915minor)pagefaults 0swaps

[g++] Compiling C++ files...
Fri, 24 Feb 2023 18:22:59 +0800
16.91user 2.50system 0:19.76elapsed 98%CPU (0avgtext+0avgdata 239200maxresident)k
112inputs+13472outputs (0major+844632minor)pagefaults 0swaps

[verilator] Generating C++ files...
Fri, 24 Feb 2023 18:23:23 +0800
0.34user 0.04system 0:00.38elapsed 99%CPU (0avgtext+0avgdata 53576maxresident)k
0inputs+3592outputs (0major+13923minor)pagefaults 0swaps

[g++] Compiling C++ files...
Fri, 24 Feb 2023 18:23:23 +0800
0.72user 0.14system 0:00.90elapsed 96%CPU (0avgtext+0avgdata 105196maxresident)k
32inputs+5976outputs (0major+43279minor)pagefaults 0swaps

[verilator] Generating C++ files...
Fri, 24 Feb 2023 18:49:30 +0800
0.32user 0.06system 0:00.38elapsed 99%CPU (0avgtext+0avgdata 53572maxresident)k
0inputs+3592outputs (0major+13906minor)pagefaults 0swaps

[g++] Compiling C++ files...
Fri, 24 Feb 2023 18:49:31 +0800
0.74user 0.12system 0:00.90elapsed 96%CPU (0avgtext+0avgdata 105232maxresident)k
16inputs+5976outputs (0major+43250minor)pagefaults 0swaps

[verilator] Generating C++ files...
Sat, 25 Feb 2023 18:12:34 +0800
0.44user 0.04system 0:00.50elapsed 97%CPU (0avgtext+0avgdata 53720maxresident)k
1872inputs+3592outputs (14major+13918minor)pagefaults 0swaps

[g++] Compiling C++ files...
Sat, 25 Feb 2023 18:12:34 +0800
0.72user 0.30system 0:01.08elapsed 94%CPU (0avgtext+0avgdata 105192maxresident)k
3304inputs+5976outputs (23major+43275minor)pagefaults 0swaps

[verilator] Generating C++ files...
Sun, 26 Feb 2023 19:43:58 +0800
0.41user 0.42system 0:00.97elapsed 85%CPU (0avgtext+0avgdata 53576maxresident)k
19960inputs+3592outputs (114major+13869minor)pagefaults 0swaps

[g++] Compiling C++ files...
Sun, 26 Feb 2023 19:43:59 +0800
0.92user 0.80system 0:02.43elapsed 71%CPU (0avgtext+0avgdata 104716maxresident)k
76472inputs+5976outputs (370major+43089minor)pagefaults 0swaps

[verilator] Generating C++ files...
Sun, 26 Feb 2023 19:45:39 +0800
0.41user 0.43system 0:00.84elapsed 99%CPU (0avgtext+0avgdata 53696maxresident)k
0inputs+3592outputs (0major+13930minor)pagefaults 0swaps

[g++] Compiling C++ files...
Sun, 26 Feb 2023 19:45:39 +0800
5.76user 2.15system 0:08.13elapsed 97%CPU (0avgtext+0avgdata 239280maxresident)k
2784inputs+8384outputs (36major+216300minor)pagefaults 0swaps

[verilator] Generating C++ files...
Sun, 26 Feb 2023 19:50:53 +0800
0.35user 0.05system 0:00.41elapsed 99%CPU (0avgtext+0avgdata 53564maxresident)k
0inputs+3592outputs (0major+13927minor)pagefaults 0swaps

[g++] Compiling C++ files...
Sun, 26 Feb 2023 19:50:53 +0800
0.72user 0.18system 0:00.92elapsed 98%CPU (0avgtext+0avgdata 105088maxresident)k
112inputs+5976outputs (0major+43300minor)pagefaults 0swaps

[verilator] Generating C++ files...
Mon, 27 Feb 2023 09:19:09 +0800
0.41user 0.27system 0:00.68elapsed 99%CPU (0avgtext+0avgdata 53672maxresident)k
0inputs+3592outputs (0major+13928minor)pagefaults 0swaps

[g++] Compiling C++ files...
Mon, 27 Feb 2023 09:19:10 +0800
0.81user 0.48system 0:01.34elapsed 96%CPU (0avgtext+0avgdata 105052maxresident)k
112inputs+5976outputs (0major+43297minor)pagefaults 0swaps

[verilator] Generating C++ files...
Thu, 02 Mar 2023 15:36:43 +0800
0.31user 0.04system 0:00.36elapsed 99%CPU (0avgtext+0avgdata 51036maxresident)k
0inputs+2648outputs (0major+13314minor)pagefaults 0swaps

[g++] Compiling C++ files...
Thu, 02 Mar 2023 15:36:44 +0800
1.85user 0.47system 0:02.45elapsed 94%CPU (0avgtext+0avgdata 104968maxresident)k
384inputs+5048outputs (0major+102261minor)pagefaults 0swaps

[verilator] Generating C++ files...
Sun, 12 Nov 2023 23:28:59 +0800
0.17user 0.05system 0:00.23elapsed 95%CPU (0avgtext+0avgdata 50944maxresident)k
392inputs+2648outputs (0major+13323minor)pagefaults 0swaps

[g++] Compiling C++ files...
Sun, 12 Nov 2023 23:29:00 +0800
Command exited with non-zero status 2
3.24user 1.40system 0:04.74elapsed 98%CPU (0avgtext+0avgdata 215776maxresident)k
5200inputs+5080outputs (35major+264254minor)pagefaults 0swaps
